[INFO] Scanning for projects...
[INFO] 
[INFO] --------------------------< com.demo:empcrm >---------------------------
[INFO] Building empcrm 0.0.1-SNAPSHOT
[INFO]   from pom.xml
[INFO] --------------------------------[ war ]---------------------------------
[INFO] 
[INFO] --- clean:3.3.2:clean (default-clean) @ empcrm ---
[INFO] Deleting C:\Users\kashi\OneDrive\Desktop\EmployeeManagementSystem\employee-management-system-backend\employee-management-system-backend\target
[INFO] 
[INFO] --- resources:3.3.1:resources (default-resources) @ empcrm ---
[INFO] Copying 1 resource from src\main\resources to target\classes
[INFO] Copying 0 resource from src\main\resources to target\classes
[INFO] 
[INFO] --- compiler:3.11.0:compile (default-compile) @ empcrm ---
[INFO] Changes detected - recompiling the module! :source
[INFO] Compiling 459 source files with javac [debug release 17] to target\classes
[INFO] /C:/Users/kashi/OneDrive/Desktop/EmployeeManagementSystem/employee-management-system-backend/employee-management-system-backend/src/main/java/com/schoolapp/dao/UserDao.java: C:\Users\kashi\OneDrive\Desktop\EmployeeManagementSystem\employee-management-system-backend\employee-management-system-backend\src\main\java\com\schoolapp\dao\UserDao.java uses or overrides a deprecated API.
[INFO] /C:/Users/kashi/OneDrive/Desktop/EmployeeManagementSystem/employee-management-system-backend/employee-management-system-backend/src/main/java/com/schoolapp/dao/UserDao.java: Recompile with -Xlint:deprecation for details.
[INFO] /C:/Users/kashi/OneDrive/Desktop/EmployeeManagementSystem/employee-management-system-backend/employee-management-system-backend/src/main/java/com/schoolapp/service/ProductionEntryServiceImpl.java: Some input files use unchecked or unsafe operations.
[INFO] /C:/Users/kashi/OneDrive/Desktop/EmployeeManagementSystem/employee-management-system-backend/employee-management-system-backend/src/main/java/com/schoolapp/service/ProductionEntryServiceImpl.java: Recompile with -Xlint:unchecked for details.
[INFO] -------------------------------------------------------------
[ERROR] COMPILATION ERROR : 
[INFO] -------------------------------------------------------------
[ERROR] /C:/Users/kashi/OneDrive/Desktop/EmployeeManagementSystem/employee-management-system-backend/employee-management-system-backend/src/main/java/com/schoolapp/service/AutoclaveServiceImpl.java:[46,15] cannot find symbol
  symbol:   method seteBatch(java.lang.Integer)
  location: variable aw of type com.schoolapp.entity.AutoclaveWagon
[ERROR] /C:/Users/kashi/OneDrive/Desktop/EmployeeManagementSystem/employee-management-system-backend/employee-management-system-backend/src/main/java/com/schoolapp/service/AutoclaveServiceImpl.java:[47,15] cannot find symbol
  symbol:   method seteSize(java.lang.Integer)
  location: variable aw of type com.schoolapp.entity.AutoclaveWagon
[ERROR] /C:/Users/kashi/OneDrive/Desktop/EmployeeManagementSystem/employee-management-system-backend/employee-management-system-backend/src/main/java/com/schoolapp/service/AutoclaveServiceImpl.java:[48,15] cannot find symbol
  symbol:   method setmBatch(java.lang.Integer)
  location: variable aw of type com.schoolapp.entity.AutoclaveWagon
[ERROR] /C:/Users/kashi/OneDrive/Desktop/EmployeeManagementSystem/employee-management-system-backend/employee-management-system-backend/src/main/java/com/schoolapp/service/AutoclaveServiceImpl.java:[49,15] cannot find symbol
  symbol:   method setmSize(java.lang.Integer)
  location: variable aw of type com.schoolapp.entity.AutoclaveWagon
[ERROR] /C:/Users/kashi/OneDrive/Desktop/EmployeeManagementSystem/employee-management-system-backend/employee-management-system-backend/src/main/java/com/schoolapp/service/AutoclaveServiceImpl.java:[50,15] cannot find symbol
  symbol:   method setwBatch(java.lang.Integer)
  location: variable aw of type com.schoolapp.entity.AutoclaveWagon
[ERROR] /C:/Users/kashi/OneDrive/Desktop/EmployeeManagementSystem/employee-management-system-backend/employee-management-system-backend/src/main/java/com/schoolapp/service/AutoclaveServiceImpl.java:[51,15] cannot find symbol
  symbol:   method setwSize(java.lang.Integer)
  location: variable aw of type com.schoolapp.entity.AutoclaveWagon
[ERROR] /C:/Users/kashi/OneDrive/Desktop/EmployeeManagementSystem/employee-management-system-backend/employee-management-system-backend/src/main/java/com/schoolapp/service/AutoclaveServiceImpl.java:[90,34] cannot find symbol
  symbol:   method geteBatch()
  location: variable w of type com.schoolapp.entity.AutoclaveWagon
[ERROR] /C:/Users/kashi/OneDrive/Desktop/EmployeeManagementSystem/employee-management-system-backend/employee-management-system-backend/src/main/java/com/schoolapp/service/AutoclaveServiceImpl.java:[91,33] cannot find symbol
  symbol:   method geteSize()
  location: variable w of type com.schoolapp.entity.AutoclaveWagon
[ERROR] /C:/Users/kashi/OneDrive/Desktop/EmployeeManagementSystem/employee-management-system-backend/employee-management-system-backend/src/main/java/com/schoolapp/service/AutoclaveServiceImpl.java:[92,34] cannot find symbol
  symbol:   method getmBatch()
  location: variable w of type com.schoolapp.entity.AutoclaveWagon
[ERROR] /C:/Users/kashi/OneDrive/Desktop/EmployeeManagementSystem/employee-management-system-backend/employee-management-system-backend/src/main/java/com/schoolapp/service/AutoclaveServiceImpl.java:[93,33] cannot find symbol
  symbol:   method getmSize()
  location: variable w of type com.schoolapp.entity.AutoclaveWagon
[ERROR] /C:/Users/kashi/OneDrive/Desktop/EmployeeManagementSystem/employee-management-system-backend/employee-management-system-backend/src/main/java/com/schoolapp/service/AutoclaveServiceImpl.java:[94,34] cannot find symbol
  symbol:   method getwBatch()
  location: variable w of type com.schoolapp.entity.AutoclaveWagon
[ERROR] /C:/Users/kashi/OneDrive/Desktop/EmployeeManagementSystem/employee-management-system-backend/employee-management-system-backend/src/main/java/com/schoolapp/service/AutoclaveServiceImpl.java:[95,33] cannot find symbol
  symbol:   method getwSize()
  location: variable w of type com.schoolapp.entity.AutoclaveWagon
[ERROR] /C:/Users/kashi/OneDrive/Desktop/EmployeeManagementSystem/employee-management-system-backend/employee-management-system-backend/src/main/java/com/schoolapp/service/AutoclaveServiceImpl.java:[122,26] cannot find symbol
  symbol:   method geteBatch()
  location: variable w of type com.schoolapp.entity.AutoclaveWagon
[ERROR] /C:/Users/kashi/OneDrive/Desktop/EmployeeManagementSystem/employee-management-system-backend/employee-management-system-backend/src/main/java/com/schoolapp/service/AutoclaveServiceImpl.java:[123,25] cannot find symbol
  symbol:   method geteSize()
  location: variable w of type com.schoolapp.entity.AutoclaveWagon
[ERROR] /C:/Users/kashi/OneDrive/Desktop/EmployeeManagementSystem/employee-management-system-backend/employee-management-system-backend/src/main/java/com/schoolapp/service/AutoclaveServiceImpl.java:[124,26] cannot find symbol
  symbol:   method getmBatch()
  location: variable w of type com.schoolapp.entity.AutoclaveWagon
[ERROR] /C:/Users/kashi/OneDrive/Desktop/EmployeeManagementSystem/employee-management-system-backend/employee-management-system-backend/src/main/java/com/schoolapp/service/AutoclaveServiceImpl.java:[125,25] cannot find symbol
  symbol:   method getmSize()
  location: variable w of type com.schoolapp.entity.AutoclaveWagon
[ERROR] /C:/Users/kashi/OneDrive/Desktop/EmployeeManagementSystem/employee-management-system-backend/employee-management-system-backend/src/main/java/com/schoolapp/service/AutoclaveServiceImpl.java:[126,26] cannot find symbol
  symbol:   method getwBatch()
  location: variable w of type com.schoolapp.entity.AutoclaveWagon
[ERROR] /C:/Users/kashi/OneDrive/Desktop/EmployeeManagementSystem/employee-management-system-backend/employee-management-system-backend/src/main/java/com/schoolapp/service/AutoclaveServiceImpl.java:[127,25] cannot find symbol
  symbol:   method getwSize()
  location: variable w of type com.schoolapp.entity.AutoclaveWagon
[ERROR] /C:/Users/kashi/OneDrive/Desktop/EmployeeManagementSystem/employee-management-system-backend/employee-management-system-backend/src/main/java/com/schoolapp/service/AutoclaveServiceImpl.java:[164,19] cannot find symbol
  symbol:   method seteBatch(java.lang.Integer)
  location: variable aw of type com.schoolapp.entity.AutoclaveWagon
[ERROR] /C:/Users/kashi/OneDrive/Desktop/EmployeeManagementSystem/employee-management-system-backend/employee-management-system-backend/src/main/java/com/schoolapp/service/AutoclaveServiceImpl.java:[165,19] cannot find symbol
  symbol:   method seteSize(java.lang.Integer)
  location: variable aw of type com.schoolapp.entity.AutoclaveWagon
[ERROR] /C:/Users/kashi/OneDrive/Desktop/EmployeeManagementSystem/employee-management-system-backend/employee-management-system-backend/src/main/java/com/schoolapp/service/AutoclaveServiceImpl.java:[166,19] cannot find symbol
  symbol:   method setmBatch(java.lang.Integer)
  location: variable aw of type com.schoolapp.entity.AutoclaveWagon
[ERROR] /C:/Users/kashi/OneDrive/Desktop/EmployeeManagementSystem/employee-management-system-backend/employee-management-system-backend/src/main/java/com/schoolapp/service/AutoclaveServiceImpl.java:[167,19] cannot find symbol
  symbol:   method setmSize(java.lang.Integer)
  location: variable aw of type com.schoolapp.entity.AutoclaveWagon
[ERROR] /C:/Users/kashi/OneDrive/Desktop/EmployeeManagementSystem/employee-management-system-backend/employee-management-system-backend/src/main/java/com/schoolapp/service/AutoclaveServiceImpl.java:[168,19] cannot find symbol
  symbol:   method setwBatch(java.lang.Integer)
  location: variable aw of type com.schoolapp.entity.AutoclaveWagon
[ERROR] /C:/Users/kashi/OneDrive/Desktop/EmployeeManagementSystem/employee-management-system-backend/employee-management-system-backend/src/main/java/com/schoolapp/service/AutoclaveServiceImpl.java:[169,19] cannot find symbol
  symbol:   method setwSize(java.lang.Integer)
  location: variable aw of type com.schoolapp.entity.AutoclaveWagon
[ERROR] /C:/Users/kashi/OneDrive/Desktop/EmployeeManagementSystem/employee-management-system-backend/employee-management-system-backend/src/main/java/com/schoolapp/dao/AttendanceDetailesDao.java:[38,101] cannot find symbol
  symbol:   method getsId()
  location: variable fee of type com.schoolapp.entity.AttendanceDetailes
[INFO] 25 errors 
[INFO] -------------------------------------------------------------
[INFO] ------------------------------------------------------------------------
[INFO] BUILD FAILURE
[INFO] ------------------------------------------------------------------------
[INFO] Total time:  28.034 s
[INFO] Finished at: 2026-02-24T11:25:53+05:30
[INFO] ------------------------------------------------------------------------
[ERROR] Failed to execute goal org.apache.maven.plugins:maven-compiler-plugin:3.11.0:compile (default-compile) on project empcrm: Compilation failure: Compilation failure: 
[ERROR] /C:/Users/kashi/OneDrive/Desktop/EmployeeManagementSystem/employee-management-system-backend/employee-management-system-backend/src/main/java/com/schoolapp/service/AutoclaveServiceImpl.java:[46,15] cannot find symbol
[ERROR]   symbol:   method seteBatch(java.lang.Integer)
[ERROR]   location: variable aw of type com.schoolapp.entity.AutoclaveWagon
[ERROR] /C:/Users/kashi/OneDrive/Desktop/EmployeeManagementSystem/employee-management-system-backend/employee-management-system-backend/src/main/java/com/schoolapp/service/AutoclaveServiceImpl.java:[47,15] cannot find symbol
[ERROR]   symbol:   method seteSize(java.lang.Integer)
[ERROR]   location: variable aw of type com.schoolapp.entity.AutoclaveWagon
[ERROR] /C:/Users/kashi/OneDrive/Desktop/EmployeeManagementSystem/employee-management-system-backend/employee-management-system-backend/src/main/java/com/schoolapp/service/AutoclaveServiceImpl.java:[48,15] cannot find symbol
[ERROR]   symbol:   method setmBatch(java.lang.Integer)
[ERROR]   location: variable aw of type com.schoolapp.entity.AutoclaveWagon
[ERROR] /C:/Users/kashi/OneDrive/Desktop/EmployeeManagementSystem/employee-management-system-backend/employee-management-system-backend/src/main/java/com/schoolapp/service/AutoclaveServiceImpl.java:[49,15] cannot find symbol
[ERROR]   symbol:   method setmSize(java.lang.Integer)
[ERROR]   location: variable aw of type com.schoolapp.entity.AutoclaveWagon
[ERROR] /C:/Users/kashi/OneDrive/Desktop/EmployeeManagementSystem/employee-management-system-backend/employee-management-system-backend/src/main/java/com/schoolapp/service/AutoclaveServiceImpl.java:[50,15] cannot find symbol
[ERROR]   symbol:   method setwBatch(java.lang.Integer)
[ERROR]   location: variable aw of type com.schoolapp.entity.AutoclaveWagon
[ERROR] /C:/Users/kashi/OneDrive/Desktop/EmployeeManagementSystem/employee-management-system-backend/employee-management-system-backend/src/main/java/com/schoolapp/service/AutoclaveServiceImpl.java:[51,15] cannot find symbol
[ERROR]   symbol:   method setwSize(java.lang.Integer)
[ERROR]   location: variable aw of type com.schoolapp.entity.AutoclaveWagon
[ERROR] /C:/Users/kashi/OneDrive/Desktop/EmployeeManagementSystem/employee-management-system-backend/employee-management-system-backend/src/main/java/com/schoolapp/service/AutoclaveServiceImpl.java:[90,34] cannot find symbol
[ERROR]   symbol:   method geteBatch()
[ERROR]   location: variable w of type com.schoolapp.entity.AutoclaveWagon
[ERROR] /C:/Users/kashi/OneDrive/Desktop/EmployeeManagementSystem/employee-management-system-backend/employee-management-system-backend/src/main/java/com/schoolapp/service/AutoclaveServiceImpl.java:[91,33] cannot find symbol
[ERROR]   symbol:   method geteSize()
[ERROR]   location: variable w of type com.schoolapp.entity.AutoclaveWagon
[ERROR] /C:/Users/kashi/OneDrive/Desktop/EmployeeManagementSystem/employee-management-system-backend/employee-management-system-backend/src/main/java/com/schoolapp/service/AutoclaveServiceImpl.java:[92,34] cannot find symbol
[ERROR]   symbol:   method getmBatch()
[ERROR]   location: variable w of type com.schoolapp.entity.AutoclaveWagon
[ERROR] /C:/Users/kashi/OneDrive/Desktop/EmployeeManagementSystem/employee-management-system-backend/employee-management-system-backend/src/main/java/com/schoolapp/service/AutoclaveServiceImpl.java:[93,33] cannot find symbol
[ERROR]   symbol:   method getmSize()
[ERROR]   location: variable w of type com.schoolapp.entity.AutoclaveWagon
[ERROR] /C:/Users/kashi/OneDrive/Desktop/EmployeeManagementSystem/employee-management-system-backend/employee-management-system-backend/src/main/java/com/schoolapp/service/AutoclaveServiceImpl.java:[94,34] cannot find symbol
[ERROR]   symbol:   method getwBatch()
[ERROR]   location: variable w of type com.schoolapp.entity.AutoclaveWagon
[ERROR] /C:/Users/kashi/OneDrive/Desktop/EmployeeManagementSystem/employee-management-system-backend/employee-management-system-backend/src/main/java/com/schoolapp/service/AutoclaveServiceImpl.java:[95,33] cannot find symbol
[ERROR]   symbol:   method getwSize()
[ERROR]   location: variable w of type com.schoolapp.entity.AutoclaveWagon
[ERROR] /C:/Users/kashi/OneDrive/Desktop/EmployeeManagementSystem/employee-management-system-backend/employee-management-system-backend/src/main/java/com/schoolapp/service/AutoclaveServiceImpl.java:[122,26] cannot find symbol
[ERROR]   symbol:   method geteBatch()
[ERROR]   location: variable w of type com.schoolapp.entity.AutoclaveWagon
[ERROR] /C:/Users/kashi/OneDrive/Desktop/EmployeeManagementSystem/employee-management-system-backend/employee-management-system-backend/src/main/java/com/schoolapp/service/AutoclaveServiceImpl.java:[123,25] cannot find symbol
[ERROR]   symbol:   method geteSize()
[ERROR]   location: variable w of type com.schoolapp.entity.AutoclaveWagon
[ERROR] /C:/Users/kashi/OneDrive/Desktop/EmployeeManagementSystem/employee-management-system-backend/employee-management-system-backend/src/main/java/com/schoolapp/service/AutoclaveServiceImpl.java:[124,26] cannot find symbol
[ERROR]   symbol:   method getmBatch()
[ERROR]   location: variable w of type com.schoolapp.entity.AutoclaveWagon
[ERROR] /C:/Users/kashi/OneDrive/Desktop/EmployeeManagementSystem/employee-management-system-backend/employee-management-system-backend/src/main/java/com/schoolapp/service/AutoclaveServiceImpl.java:[125,25] cannot find symbol
[ERROR]   symbol:   method getmSize()
[ERROR]   location: variable w of type com.schoolapp.entity.AutoclaveWagon
[ERROR] /C:/Users/kashi/OneDrive/Desktop/EmployeeManagementSystem/employee-management-system-backend/employee-management-system-backend/src/main/java/com/schoolapp/service/AutoclaveServiceImpl.java:[126,26] cannot find symbol
[ERROR]   symbol:   method getwBatch()
[ERROR]   location: variable w of type com.schoolapp.entity.AutoclaveWagon
[ERROR] /C:/Users/kashi/OneDrive/Desktop/EmployeeManagementSystem/employee-management-system-backend/employee-management-system-backend/src/main/java/com/schoolapp/service/AutoclaveServiceImpl.java:[127,25] cannot find symbol
[ERROR]   symbol:   method getwSize()
[ERROR]   location: variable w of type com.schoolapp.entity.AutoclaveWagon
[ERROR] /C:/Users/kashi/OneDrive/Desktop/EmployeeManagementSystem/employee-management-system-backend/employee-management-system-backend/src/main/java/com/schoolapp/service/AutoclaveServiceImpl.java:[164,19] cannot find symbol
[ERROR]   symbol:   method seteBatch(java.lang.Integer)
[ERROR]   location: variable aw of type com.schoolapp.entity.AutoclaveWagon
[ERROR] /C:/Users/kashi/OneDrive/Desktop/EmployeeManagementSystem/employee-management-system-backend/employee-management-system-backend/src/main/java/com/schoolapp/service/AutoclaveServiceImpl.java:[165,19] cannot find symbol
[ERROR]   symbol:   method seteSize(java.lang.Integer)
[ERROR]   location: variable aw of type com.schoolapp.entity.AutoclaveWagon
[ERROR] /C:/Users/kashi/OneDrive/Desktop/EmployeeManagementSystem/employee-management-system-backend/employee-management-system-backend/src/main/java/com/schoolapp/service/AutoclaveServiceImpl.java:[166,19] cannot find symbol
[ERROR]   symbol:   method setmBatch(java.lang.Integer)
[ERROR]   location: variable aw of type com.schoolapp.entity.AutoclaveWagon
[ERROR] /C:/Users/kashi/OneDrive/Desktop/EmployeeManagementSystem/employee-management-system-backend/employee-management-system-backend/src/main/java/com/schoolapp/service/AutoclaveServiceImpl.java:[167,19] cannot find symbol
[ERROR]   symbol:   method setmSize(java.lang.Integer)
[ERROR]   location: variable aw of type com.schoolapp.entity.AutoclaveWagon
[ERROR] /C:/Users/kashi/OneDrive/Desktop/EmployeeManagementSystem/employee-management-system-backend/employee-management-system-backend/src/main/java/com/schoolapp/service/AutoclaveServiceImpl.java:[168,19] cannot find symbol
[ERROR]   symbol:   method setwBatch(java.lang.Integer)
[ERROR]   location: variable aw of type com.schoolapp.entity.AutoclaveWagon
[ERROR] /C:/Users/kashi/OneDrive/Desktop/EmployeeManagementSystem/employee-management-system-backend/employee-management-system-backend/src/main/java/com/schoolapp/service/AutoclaveServiceImpl.java:[169,19] cannot find symbol
[ERROR]   symbol:   method setwSize(java.lang.Integer)
[ERROR]   location: variable aw of type com.schoolapp.entity.AutoclaveWagon
[ERROR] /C:/Users/kashi/OneDrive/Desktop/EmployeeManagementSystem/employee-management-system-backend/employee-management-system-backend/src/main/java/com/schoolapp/dao/AttendanceDetailesDao.java:[38,101] cannot find symbol
[ERROR]   symbol:   method getsId()
[ERROR]   location: variable fee of type com.schoolapp.entity.AttendanceDetailes
[ERROR] -> [Help 1]
[ERROR] 
[ERROR] To see the full stack trace of the errors, re-run Maven with the -e switch.
[ERROR] Re-run Maven using the -X switch to enable full debug logging.
[ERROR] 
[ERROR] For more information about the errors and possible solutions, please read the following articles:
[ERROR] [Help 1] http://cwiki.apache.org/confluence/display/MAVEN/MojoFailureException
