[INFO] Scanning for projects...
[INFO] 
[INFO] --------------------------< com.demo:empcrm >---------------------------
[INFO] Building empcrm 0.0.1-SNAPSHOT
[INFO]   from pom.xml
[INFO] --------------------------------[ war ]---------------------------------
[INFO] 
[INFO] --- resources:3.3.1:resources (default-resources) @ empcrm ---
[INFO] Copying 1 resource from src\main\resources to target\classes
[INFO] Copying 0 resource from src\main\resources to target\classes
[INFO] 
[INFO] --- compiler:3.11.0:compile (default-compile) @ empcrm ---
[INFO] Changes detected - recompiling the module! :source
[INFO] Compiling 502 source files with javac [debug release 17] to target\classes
[INFO] -------------------------------------------------------------
[ERROR] COMPILATION ERROR : 
[INFO] -------------------------------------------------------------
[ERROR] /C:/Users/kashi/OneDrive/Desktop/EmployeeManagementSystem/employee-management-system-backend/employee-management-system-backend/src/main/java/com/schoolapp/controller/WorkflowReportController.java:[97,58] ';' expected
[ERROR] /C:/Users/kashi/OneDrive/Desktop/EmployeeManagementSystem/employee-management-system-backend/employee-management-system-backend/src/main/java/com/schoolapp/controller/WorkflowReportController.java:[97,87] ';' expected
[ERROR] /C:/Users/kashi/OneDrive/Desktop/EmployeeManagementSystem/employee-management-system-backend/employee-management-system-backend/src/main/java/com/schoolapp/controller/WorkflowReportController.java:[114,2] reached end of file while parsing
[INFO] 3 errors 
[INFO] -------------------------------------------------------------
[INFO] ------------------------------------------------------------------------
[INFO] BUILD FAILURE
[INFO] ------------------------------------------------------------------------
[INFO] Total time:  4.741 s
[INFO] Finished at: 2026-03-02T00:26:56+05:30
[INFO] ------------------------------------------------------------------------
[ERROR] Failed to execute goal org.apache.maven.plugins:maven-compiler-plugin:3.11.0:compile (default-compile) on project empcrm: Compilation failure: Compilation failure: 
[ERROR] /C:/Users/kashi/OneDrive/Desktop/EmployeeManagementSystem/employee-management-system-backend/employee-management-system-backend/src/main/java/com/schoolapp/controller/WorkflowReportController.java:[97,58] ';' expected
[ERROR] /C:/Users/kashi/OneDrive/Desktop/EmployeeManagementSystem/employee-management-system-backend/employee-management-system-backend/src/main/java/com/schoolapp/controller/WorkflowReportController.java:[97,87] ';' expected
[ERROR] /C:/Users/kashi/OneDrive/Desktop/EmployeeManagementSystem/employee-management-system-backend/employee-management-system-backend/src/main/java/com/schoolapp/controller/WorkflowReportController.java:[114,2] reached end of file while parsing
[ERROR] -> [Help 1]
[ERROR] 
[ERROR] To see the full stack trace of the errors, re-run Maven with the -e switch.
[ERROR] Re-run Maven using the -X switch to enable full debug logging.
[ERROR] 
[ERROR] For more information about the errors and possible solutions, please read the following articles:
[ERROR] [Help 1] http://cwiki.apache.org/confluence/display/MAVEN/MojoFailureException
